
> ai-studio-applet@0.1.0 build
> next build

node.exe :  ΓÜá Warning: Next.js inferred 
your workspace root, but it may not be 
correct.
At C:\Program Files\nodejs\npm.ps1:29 char:3
+   & $NODE_EXE $NPM_CLI_JS $args
+   ~~~~~~~~~~~~~~~~~~~~~~~~~~~~~
    + CategoryInfo          : NotSpecified:  
   ( ΓÜá Warning: N...not be correct.:Strin  
  g) [], RemoteException
    + FullyQualifiedErrorId : NativeCommandE 
   rror
 
 We detected multiple lockfiles and selected 
the directory of C:\server\package-lock.json 
as the root directory.
 To silence this warning, set 
`outputFileTracingRoot` in your Next.js 
config, or consider removing one of the 
lockfiles if it's not needed.
   See https://nextjs.org/docs/app/api-refere
nce/config/next-config-js/output#caveats for 
more information.
 Detected additional lockfiles: 
   * C:\server\sulva\package-lock.json

   Γû▓ Next.js 15.5.12

   Creating an optimized production build ...
 Γ£ô Compiled successfully in 4.1s
   Skipping linting
   Checking validity of types ...
   Collecting page data ...
   Generating static pages (0/13) ...
   Generating static pages (3/13) 
   Generating static pages (6/13) 
   Generating static pages (9/13) 
 Γ£ô Generating static pages (13/13)
   Finalizing page optimization ...
   Collecting build traces ...

Route (app)                                 Size  First Load JS
Γöî Γùï /                                      181 B         111 kB
Γö£ Γùï /_not-found                            995 B         103 kB
Γö£ Γùï /about                                 181 B         111 kB
Γö£ ╞Æ /api/contact                           135 B         102 kB
Γö£ ╞Æ /api/newsletter                        135 B         102 kB
Γö£ Γùï /contact                             3.61 kB         106 kB
Γö£ Γùï /insights                              952 B         108 kB
Γö£ Γùï /robots.txt                            135 B         102 kB
Γö£ Γùï /services                              181 B         111 kB
Γö£ Γùï /sitemap.xml                           135 B         102 kB
Γöö Γùï /work                                  181 B         111 kB
+ First Load JS shared by all             102 kB
  Γö£ chunks/255-a41b0d888672637a.js       45.8 kB
  Γö£ chunks/4bd1b696-21f374d1156f834a.js  54.2 kB
  Γöö other shared chunks (total)          1.93 kB


Γùï  (Static)   prerendered as static content
╞Æ  (Dynamic)  server-rendered on demand

